// Jest Snapshot v1, https://goo.gl/fbAQLP

exports[`render button component 1`] = `
<DocumentFragment>
  <button
    class="btn "
  >
    Button
  </button>
</DocumentFragment>
`;
