// Jest Snapshot v1, https://goo.gl/fbAQLP

exports[`renders layout component 1`] = `
<DocumentFragment>
  <div
    class="wrapper"
  >
    <header
      class="header"
    >
      <div
        class="logo-view"
      >
        <a
          href="/"
        >
          <img
            alt="Dev World Logo"
            class="logo-header"
            src="logo.svg"
          />
        </a>
        <p
          class="title"
          data-testid="header-title"
        />
      </div>
      <menu>
        <a
          class="link"
          data-testid="nav-about"
          href="/about"
        >
          About
        </a>
        <a
          class="link"
          data-testid="nav-profile"
          href="/profile"
        >
          Profile
        </a>
        <a
          class="link"
          data-testid="nav-logout"
          href="/login"
        >
          Logout
        </a>
      </menu>
    </header>
    <main
      class="container"
    />
  </div>
</DocumentFragment>
`;
